// Jest Snapshot v1, https://goo.gl/fbAQLP

exports[`<Main /> should render heading 1`] = `
<main>
  <h1
    class="text-9xl font-bold"
  >
    Totem App
  </h1>
</main>
`;
